On branch master

Initial commit

Untracked files:
  (use "git add <file>..." to include in what will be committed)

        .idea/
        MyRepository.iml
        task1/

nothing added to commit but untracked files present (use "git add" to track)

DENIS@DENISS_PC MINGW64 ~/Desktop/MyRepository (master)
$ git add .gitignore

DENIS@DENISS_PC MINGW64 ~/Desktop/MyRepository (master)
$ git status
On branch master

Initial commit

Changes to be committed:
  (use "git rm --cached <file>..." to unstage)

        new file:   .gitignore

Untracked files:
  (use "git add <file>..." to include in what will be committed)

        task1/


DENIS@DENISS_PC MINGW64 ~/Desktop/MyRepository (master)
$ git commit -m "add .gitignore"
[master (root-commit) b53e290] add .gitignore
 1 file changed, 4 insertions(+)
 create mode 100644 .gitignore

DENIS@DENISS_PC MINGW64 ~/Desktop/MyRepository (master)
$ git status
On branch master
Untracked files:
  (use "git add <file>..." to include in what will be committed)

        task1/

nothing added to commit but untracked files present (use "git add" to track)
